Building for production...
[0/3] Write sources
[1/3] Write swift-version--58304C5D6DBC2206.txt
[3/4] Compiling DreamCore BalloonMotion.swift
[3/5] Write Objects.LinkFileList
[4/5] Linking DreamCorePackageTests
Build complete! (26.46s)
Test Suite 'Selected tests' started at 2026-09-16 16:42:48.719.
Test Suite 'DreamCorePackageTests.xctest' started at 2026-09-16 16:42:48.726.
Test Suite 'DreamAudioTests' started at 2026-09-16 16:42:48.726.
Test Case '-[DreamCoreTests.DreamAudioTests testMovementUsesAcceptedActionsAndActualGait]' started.
Test Case '-[DreamCoreTests.DreamAudioTests testMovementUsesAcceptedActionsAndActualGait]' passed (0.009 seconds).
Test Case '-[DreamCoreTests.DreamAudioTests testPauseDoesNotCreateMovementCues]' started.
Test Case '-[DreamCoreTests.DreamAudioTests testPauseDoesNotCreateMovementCues]' passed (0.000 seconds).
Test Case '-[DreamCoreTests.DreamAudioTests testScoreStripsRebuildsAndEndsWithoutChangingRun]' started.
Test Case '-[DreamCoreTests.DreamAudioTests testScoreStripsRebuildsAndEndsWithoutChangingRun]' passed (0.007 seconds).
Test Case '-[DreamCoreTests.DreamAudioTests testThetaIsOptInIndependentAndRequiresStereoHeadphones]' started.
Test Case '-[DreamCoreTests.DreamAudioTests testThetaIsOptInIndependentAndRequiresStereoHeadphones]' passed (0.002 seconds).
Test Suite 'DreamAudioTests' passed at 2026-09-16 16:42:48.746.
	 Executed 4 tests, with 0 failures (0 unexpected) in 0.018 (0.019) seconds
Test Suite 'DreamCorePackageTests.xctest' passed at 2026-09-16 16:42:48.746.
	 Executed 4 tests, with 0 failures (0 unexpected) in 0.018 (0.020) seconds
Test Suite 'Selected tests' passed at 2026-09-16 16:42:48.746.
	 Executed 4 tests, with 0 failures (0 unexpected) in 0.018 (0.027) seconds
◇ Test run started.
↳ Testing Library Version: 1902
↳ Target Platform: arm64e-apple-macos14.0
✔ Test run with 0 tests in 0 suites passed after 0.001 seconds.
