nani.Dream-Again: 97428
Detected file type from extension: PNG
Note: No display specified. Defaulting to display: 12BD79C2-3613-46BE-9E61-AE8AEECE2F86 (screenID: 1, name: LCD)
Wrote screenshot to: /Users/shiv/Projects/iphone/Dream Again/evidence/collage-scene-1.png
Captured runtime composition 1/5
nani.Dream-Again: 97486
Detected file type from extension: PNG
Note: No display specified. Defaulting to display: 12BD79C2-3613-46BE-9E61-AE8AEECE2F86 (screenID: 1, name: LCD)
Wrote screenshot to: /Users/shiv/Projects/iphone/Dream Again/evidence/collage-scene-2.png
Captured runtime composition 2/5
nani.Dream-Again: 97553
Detected file type from extension: PNG
Note: No display specified. Defaulting to display: 12BD79C2-3613-46BE-9E61-AE8AEECE2F86 (screenID: 1, name: LCD)
Wrote screenshot to: /Users/shiv/Projects/iphone/Dream Again/evidence/collage-scene-3.png
Captured runtime composition 3/5
nani.Dream-Again: 97627
Detected file type from extension: PNG
Note: No display specified. Defaulting to display: 12BD79C2-3613-46BE-9E61-AE8AEECE2F86 (screenID: 1, name: LCD)
Wrote screenshot to: /Users/shiv/Projects/iphone/Dream Again/evidence/collage-scene-4.png
Captured runtime composition 4/5
nani.Dream-Again: 97716
Detected file type from extension: PNG
Note: No display specified. Defaulting to display: 12BD79C2-3613-46BE-9E61-AE8AEECE2F86 (screenID: 1, name: LCD)
Wrote screenshot to: /Users/shiv/Projects/iphone/Dream Again/evidence/collage-scene-5.png
Captured runtime composition 5/5
nani.Dream-Again: 97808
Note: No display specified. Defaulting to display: 12BD79C2-3613-46BE-9E61-AE8AEECE2F86 (screenID: 1, name: LCD)
Recording started
Recording completed. Writing to disk.

Wrote video to: /Users/shiv/Projects/iphone/Dream Again/evidence/collage-running.mov
Detected file type from extension: PNG
Note: No display specified. Defaulting to display: 12BD79C2-3613-46BE-9E61-AE8AEECE2F86 (screenID: 1, name: LCD)
Wrote screenshot to: /Users/shiv/Projects/iphone/Dream Again/evidence/collage-running-end.png
