nani.Dream-Again: 6531
Detected file type from extension: PNG
Note: No display specified. Defaulting to display: 12BD79C2-3613-46BE-9E61-AE8AEECE2F86 (screenID: 1, name: LCD)
Wrote screenshot to: /Users/shiv/Projects/iphone/Dream Again/evidence/design-run.png
Captured run
nani.Dream-Again: 6591
Detected file type from extension: PNG
Note: No display specified. Defaulting to display: 12BD79C2-3613-46BE-9E61-AE8AEECE2F86 (screenID: 1, name: LCD)
Wrote screenshot to: /Users/shiv/Projects/iphone/Dream Again/evidence/design-idle.png
Captured idle
nani.Dream-Again: 6643
Detected file type from extension: PNG
Note: No display specified. Defaulting to display: 12BD79C2-3613-46BE-9E61-AE8AEECE2F86 (screenID: 1, name: LCD)
Wrote screenshot to: /Users/shiv/Projects/iphone/Dream Again/evidence/design-jump.png
Captured jump
nani.Dream-Again: 6687
Detected file type from extension: PNG
Note: No display specified. Defaulting to display: 12BD79C2-3613-46BE-9E61-AE8AEECE2F86 (screenID: 1, name: LCD)
Wrote screenshot to: /Users/shiv/Projects/iphone/Dream Again/evidence/design-slide.png
Captured slide
nani.Dream-Again: 6741
Detected file type from extension: PNG
Note: No display specified. Defaulting to display: 12BD79C2-3613-46BE-9E61-AE8AEECE2F86 (screenID: 1, name: LCD)
Wrote screenshot to: /Users/shiv/Projects/iphone/Dream Again/evidence/design-crown.png
Captured crown
nani.Dream-Again: 6800
Detected file type from extension: PNG
Note: No display specified. Defaulting to display: 12BD79C2-3613-46BE-9E61-AE8AEECE2F86 (screenID: 1, name: LCD)
Wrote screenshot to: /Users/shiv/Projects/iphone/Dream Again/evidence/design-lucky.png
Captured lucky
nani.Dream-Again: 6851
Detected file type from extension: PNG
Note: No display specified. Defaulting to display: 12BD79C2-3613-46BE-9E61-AE8AEECE2F86 (screenID: 1, name: LCD)
Wrote screenshot to: /Users/shiv/Projects/iphone/Dream Again/evidence/design-stripes.png
Captured stripes
nani.Dream-Again: 6901
Detected file type from extension: PNG
Note: No display specified. Defaulting to display: 12BD79C2-3613-46BE-9E61-AE8AEECE2F86 (screenID: 1, name: LCD)
Wrote screenshot to: /Users/shiv/Projects/iphone/Dream Again/evidence/design-solid.png
Captured solid
nani.Dream-Again: 6982
Detected file type from extension: PNG
Note: No display specified. Defaulting to display: 12BD79C2-3613-46BE-9E61-AE8AEECE2F86 (screenID: 1, name: LCD)
Wrote screenshot to: /Users/shiv/Projects/iphone/Dream Again/evidence/design-mirror.png
Captured mirror
nani.Dream-Again: 7038
Detected file type from extension: PNG
Note: No display specified. Defaulting to display: 12BD79C2-3613-46BE-9E61-AE8AEECE2F86 (screenID: 1, name: LCD)
Wrote screenshot to: /Users/shiv/Projects/iphone/Dream Again/evidence/design-contrast-0.png
Captured contrast-0
nani.Dream-Again: 7093
Detected file type from extension: PNG
Note: No display specified. Defaulting to display: 12BD79C2-3613-46BE-9E61-AE8AEECE2F86 (screenID: 1, name: LCD)
Wrote screenshot to: /Users/shiv/Projects/iphone/Dream Again/evidence/design-contrast-1.png
Captured contrast-1
nani.Dream-Again: 7153
Detected file type from extension: PNG
Note: No display specified. Defaulting to display: 12BD79C2-3613-46BE-9E61-AE8AEECE2F86 (screenID: 1, name: LCD)
Wrote screenshot to: /Users/shiv/Projects/iphone/Dream Again/evidence/design-contrast-2.png
Captured contrast-2
nani.Dream-Again: 7210
Detected file type from extension: PNG
Note: No display specified. Defaulting to display: 12BD79C2-3613-46BE-9E61-AE8AEECE2F86 (screenID: 1, name: LCD)
Wrote screenshot to: /Users/shiv/Projects/iphone/Dream Again/evidence/design-contrast-3.png
Captured contrast-3
nani.Dream-Again: 7276
Detected file type from extension: PNG
Note: No display specified. Defaulting to display: 12BD79C2-3613-46BE-9E61-AE8AEECE2F86 (screenID: 1, name: LCD)
Wrote screenshot to: /Users/shiv/Projects/iphone/Dream Again/evidence/design-contrast-4.png
Captured contrast-4
nani.Dream-Again: 7333
Detected file type from extension: PNG
Note: No display specified. Defaulting to display: 12BD79C2-3613-46BE-9E61-AE8AEECE2F86 (screenID: 1, name: LCD)
Wrote screenshot to: /Users/shiv/Projects/iphone/Dream Again/evidence/design-contrast-5.png
Captured contrast-5
nani.Dream-Again: 7382
Detected file type from extension: PNG
Note: No display specified. Defaulting to display: 12BD79C2-3613-46BE-9E61-AE8AEECE2F86 (screenID: 1, name: LCD)
Wrote screenshot to: /Users/shiv/Projects/iphone/Dream Again/evidence/design-contrast-6.png
Captured contrast-6
nani.Dream-Again: 7438
Detected file type from extension: PNG
Note: No display specified. Defaulting to display: 12BD79C2-3613-46BE-9E61-AE8AEECE2F86 (screenID: 1, name: LCD)
Wrote screenshot to: /Users/shiv/Projects/iphone/Dream Again/evidence/design-contrast-7.png
Captured contrast-7
nani.Dream-Again: 7536
Detected file type from extension: PNG
Note: No display specified. Defaulting to display: 12BD79C2-3613-46BE-9E61-AE8AEECE2F86 (screenID: 1, name: LCD)
Wrote screenshot to: /Users/shiv/Projects/iphone/Dream Again/evidence/design-contrast-8.png
Captured contrast-8
nani.Dream-Again: 7585
Detected file type from extension: PNG
Note: No display specified. Defaulting to display: 12BD79C2-3613-46BE-9E61-AE8AEECE2F86 (screenID: 1, name: LCD)
Wrote screenshot to: /Users/shiv/Projects/iphone/Dream Again/evidence/design-contrast-9.png
Captured contrast-9
nani.Dream-Again: 7669
Detected file type from extension: PNG
Note: No display specified. Defaulting to display: 12BD79C2-3613-46BE-9E61-AE8AEECE2F86 (screenID: 1, name: LCD)
Wrote screenshot to: /Users/shiv/Projects/iphone/Dream Again/evidence/design-contrast-10.png
Captured contrast-10
nani.Dream-Again: 7746
Detected file type from extension: PNG
Note: No display specified. Defaulting to display: 12BD79C2-3613-46BE-9E61-AE8AEECE2F86 (screenID: 1, name: LCD)
Wrote screenshot to: /Users/shiv/Projects/iphone/Dream Again/evidence/design-contrast-11.png
Captured contrast-11
