[0/1] Planning build
Building for production...
[0/4] Write sources
[2/4] Write swift-version--58304C5D6DBC2206.txt
[4/5] Compiling DreamCore BalloonMotion.swift
[5/7] Compiling DreamCoreTests AtmosphereTests.swift
[6/8] Compiling DreamCorePackageTests runner.swift
[6/8] Write Objects.LinkFileList
[7/8] Linking DreamCorePackageTests
Build complete! (73.77s)
Test Suite 'Selected tests' started at 2026-09-19 16:59:33.448.
Test Suite 'DreamCorePackageTests.xctest' started at 2026-09-19 16:59:33.454.
Test Suite 'StrawDamageTests' started at 2026-09-19 16:59:33.454.
Test Case '-[DreamCoreTests.StrawDamageTests testBalesUseSafeSupportAndDedicatedDeterministicStream]' started.
Test Case '-[DreamCoreTests.StrawDamageTests testBalesUseSafeSupportAndDedicatedDeterministicStream]' passed (0.017 seconds).
Test Case '-[DreamCoreTests.StrawDamageTests testFourBallHitsLoseArmsThenLegsAndWake]' started.
Test Case '-[DreamCoreTests.StrawDamageTests testFourBallHitsLoseArmsThenLegsAndWake]' passed (0.227 seconds).
Test Case '-[DreamCoreTests.StrawDamageTests testHayRepairsOneLimbWithoutCurrencyAndCannotReplay]' started.
Test Case '-[DreamCoreTests.StrawDamageTests testHayRepairsOneLimbWithoutCurrencyAndCannotReplay]' passed (0.011 seconds).
Test Case '-[DreamCoreTests.StrawDamageTests testHayWaitsForClearSectionAndCannotRollAcrossItsBoundary]' started.
Test Case '-[DreamCoreTests.StrawDamageTests testHayWaitsForClearSectionAndCannotRollAcrossItsBoundary]' passed (0.002 seconds).
Test Case '-[DreamCoreTests.StrawDamageTests testLiveStreamNeverOffersMoreThanOneHayPerFourSportsBalls]' started.
Test Case '-[DreamCoreTests.StrawDamageTests testLiveStreamNeverOffersMoreThanOneHayPerFourSportsBalls]' passed (1.749 seconds).
Test Case '-[DreamCoreTests.StrawDamageTests testRollingHayTrajectoryAndBankedRebuild]' started.
Test Case '-[DreamCoreTests.StrawDamageTests testRollingHayTrajectoryAndBankedRebuild]' passed (0.001 seconds).
Test Case '-[DreamCoreTests.StrawDamageTests testSingleBallImmunityAndFullBodyBanksHay]' started.
Test Case '-[DreamCoreTests.StrawDamageTests testSingleBallImmunityAndFullBodyBanksHay]' passed (0.000 seconds).
Test Suite 'StrawDamageTests' passed at 2026-09-19 16:59:35.463.
	 Executed 7 tests, with 0 failures (0 unexpected) in 2.007 (2.009) seconds
Test Suite 'DreamCorePackageTests.xctest' passed at 2026-09-19 16:59:35.463.
	 Executed 7 tests, with 0 failures (0 unexpected) in 2.007 (2.009) seconds
Test Suite 'Selected tests' passed at 2026-09-19 16:59:35.463.
	 Executed 7 tests, with 0 failures (0 unexpected) in 2.007 (2.015) seconds
◇ Test run started.
↳ Testing Library Version: 1902
↳ Target Platform: arm64e-apple-macos14.0
✔ Test run with 0 tests in 0 suites passed after 0.001 seconds.
