PASS: 51 specification/reference consistency checks
NOT TESTED HERE: Swift compilation, actual iOS gameplay, rendered assets, device tilt, StoreKit or ads.
01. All seven JSON contract files parse
02. Exactly 42 world-asset families
03. Ordinals are exactly 1...42
04. World IDs are unique
05. Pig occupies slot 42
06. All creator-selected symbolic objects exist
07. No anatomical eyeball replacing the nazar
08. All assets have construction and budget metadata
09. Full specification names all 42 stable IDs
10. Pig timing and three-pig requirement preserved
11. Pig presence is guaranteed
12. Clean conditional clover probability is one third
13. Continued conditional clover probability is one sixth
14. Guaranteed pig checkpoint without lucky pity
15. Three-hour transition is not an ending
16. Balloons are the purchasable currency
17. One-continue default consistent
18. Ordinary narrow full-width deck supports entire constrained steering range
19. Chunk cap accommodates forward/rear window plus margin
20. Generation window can support rolling hazard preview distance
21. Cosmetic and achievement IDs unique
22. Achievement-only items have no store price
23. All cosmetic achievement references resolve
24. All achievement cosmetic rewards resolve
25. Bidirectional reward mapping: lucky_pig_hat
26. Bidirectional reward mapping: unbroken_clover
27. Bidirectional reward mapping: beyond_crown
28. Bidirectional reward mapping: void_ribbon
29. Palette IDs unique
30. All palette swatches are valid hex colors
31. Ordinary, white and beyond palette phases present
32. SplitMix64 vectors reproduce
33. Known SplitMix64 zero-state first result matches
34. FNV-1a fixtures reproduce
35. Dream ID roundtrip: 0
36. Dream ID roundtrip: 1
37. Dream ID roundtrip: 42
38. Dream ID roundtrip: 123456789
39. Dream ID roundtrip: 16045690984503111693
40. Dream ID roundtrip: 18446744073709551615
41. All 100 pig checkpoints reproduce; continued lucky set is subset
42. Exact six-draw pig truth table validated
43. Earliest nominal ending probability is 1/27
44. 15-minute clean probability is exactly 17/81
45. Expected nominal times are 27 and 54 minutes
46. Malformed/overflow/corrupt Dream IDs rejected by reference parser
47. SQLite schema creates required tables
48. SQLite negative-wallet check enforced
49. All six creator visual references included
50. Root agent instructions remain compact
51. All entry, reference and acceptance files present
