Building for production...
[0/5] Write sources
[2/5] Copying conformance_vectors.json
[3/5] Write swift-version--58304C5D6DBC2206.txt
[5/6] Compiling DreamCore BalloonMotion.swift
[6/8] Compiling DreamCoreTests AtmosphereTests.swift
[7/9] Compiling DreamCorePackageTests runner.swift
[7/9] Write Objects.LinkFileList
[8/9] Linking DreamCorePackageTests
Build complete! (119.94s)
Test Suite 'All tests' started at 2026-09-15 02:25:47.008.
Test Suite 'DreamCorePackageTests.xctest' started at 2026-09-15 02:25:47.033.
Test Suite 'AtmosphereTests' started at 2026-09-15 02:25:47.033.
Test Case '-[DreamCoreTests.AtmosphereTests testDensityControlsAtmosphereIndependentlyAndVoidIsEmpty]' started.
Test Case '-[DreamCoreTests.AtmosphereTests testDensityControlsAtmosphereIndependentlyAndVoidIsEmpty]' passed (0.003 seconds).
Test Case '-[DreamCoreTests.AtmosphereTests testLargeTranslucentLayersDoNotChangeSemanticScaleEvents]' started.
Test Case '-[DreamCoreTests.AtmosphereTests testLargeTranslucentLayersDoNotChangeSemanticScaleEvents]' passed (0.225 seconds).
Test Case '-[DreamCoreTests.AtmosphereTests testOpeningCompositionHasHierarchyCounterweightAndVariety]' started.
Test Case '-[DreamCoreTests.AtmosphereTests testOpeningCompositionHasHierarchyCounterweightAndVariety]' passed (0.035 seconds).
Test Suite 'AtmosphereTests' passed at 2026-09-15 02:25:47.298.
	 Executed 3 tests, with 0 failures (0 unexpected) in 0.264 (0.265) seconds
Test Suite 'BalloonTests' started at 2026-09-15 02:25:47.298.
Test Case '-[DreamCoreTests.BalloonTests testHighBalloonRequiresJumpAndOnlyPaysOnce]' started.
Test Case '-[DreamCoreTests.BalloonTests testHighBalloonRequiresJumpAndOnlyPaysOnce]' passed (0.288 seconds).
Test Case '-[DreamCoreTests.BalloonTests testMotionIsBoundedRepeatableAndSafeDropsStayLow]' started.
Test Case '-[DreamCoreTests.BalloonTests testMotionIsBoundedRepeatableAndSafeDropsStayLow]' passed (0.040 seconds).
Test Suite 'BalloonTests' passed at 2026-09-15 02:25:47.627.
	 Executed 2 tests, with 0 failures (0 unexpected) in 0.328 (0.329) seconds
Test Suite 'CollageTests' started at 2026-09-15 02:25:47.627.
Test Case '-[DreamCoreTests.CollageTests testBackgroundMotionIsBoundedDeterministicAndCanBeDisabled]' started.
Test Case '-[DreamCoreTests.CollageTests testBackgroundMotionIsBoundedDeterministicAndCanBeDisabled]' passed (0.029 seconds).
Test Case '-[DreamCoreTests.CollageTests testCurrentSeedRoundTrips]' started.
Test Case '-[DreamCoreTests.CollageTests testCurrentSeedRoundTrips]' passed (0.001 seconds).
Test Case '-[DreamCoreTests.CollageTests testDensityIsNonterminalAndRebuilds]' started.
Test Case '-[DreamCoreTests.CollageTests testDensityIsNonterminalAndRebuilds]' passed (0.000 seconds).
Test Case '-[DreamCoreTests.CollageTests testFiveRecombinationsAreStableAndDifferent]' started.
Test Case '-[DreamCoreTests.CollageTests testFiveRecombinationsAreStableAndDifferent]' passed (0.007 seconds).
Test Case '-[DreamCoreTests.CollageTests testKitCountsAndMetadata]' started.
Test Case '-[DreamCoreTests.CollageTests testKitCountsAndMetadata]' passed (0.001 seconds).
Test Case '-[DreamCoreTests.CollageTests testPilotScenesAreLayerableAndApparitionsStayRare]' started.
Test Case '-[DreamCoreTests.CollageTests testPilotScenesAreLayerableAndApparitionsStayRare]' passed (0.019 seconds).
Test Case '-[DreamCoreTests.CollageTests testSceneryDeckAvoidsImmediateRepetitionAndCoversNewFamilies]' started.
Test Case '-[DreamCoreTests.CollageTests testSceneryDeckAvoidsImmediateRepetitionAndCoversNewFamilies]' passed (0.046 seconds).
Test Suite 'CollageTests' passed at 2026-09-15 02:25:47.731.
	 Executed 7 tests, with 0 failures (0 unexpected) in 0.104 (0.105) seconds
Test Suite 'CoreTests' started at 2026-09-15 02:25:47.732.
Test Case '-[DreamCoreTests.CoreTests testAllGoldenVectors]' started.
Test Case '-[DreamCoreTests.CoreTests testAllGoldenVectors]' passed (0.005 seconds).
Test Case '-[DreamCoreTests.CoreTests testCurrentSpeedCurveAndSnapshot]' started.
Test Case '-[DreamCoreTests.CoreTests testCurrentSpeedCurveAndSnapshot]' passed (0.013 seconds).
Test Case '-[DreamCoreTests.CoreTests testEverySportsBallStumblesSlowsAndRecovers]' started.
Test Case '-[DreamCoreTests.CoreTests testEverySportsBallStumblesSlowsAndRecovers]' passed (0.007 seconds).
Test Case '-[DreamCoreTests.CoreTests testExactProbability]' started.
Test Case '-[DreamCoreTests.CoreTests testExactProbability]' passed (0.000 seconds).
Test Case '-[DreamCoreTests.CoreTests testFastRollingBallTravelSpinAndTelegraph]' started.
Test Case '-[DreamCoreTests.CoreTests testFastRollingBallTravelSpinAndTelegraph]' passed (0.004 seconds).
Test Case '-[DreamCoreTests.CoreTests testFramePacingAndStall]' started.
Test Case '-[DreamCoreTests.CoreTests testFramePacingAndStall]' passed (0.000 seconds).
Test Case '-[DreamCoreTests.CoreTests testHeldSlideCannotRemainLowForever]' started.
Test Case '-[DreamCoreTests.CoreTests testHeldSlideCannotRemainLowForever]' passed (0.033 seconds).
Test Case '-[DreamCoreTests.CoreTests testIDsRejectBadInput]' started.
Test Case '-[DreamCoreTests.CoreTests testIDsRejectBadInput]' passed (0.001 seconds).
Test Case '-[DreamCoreTests.CoreTests testMotionNormalization]' started.
Test Case '-[DreamCoreTests.CoreTests testMotionNormalization]' passed (0.000 seconds).
Test Case '-[DreamCoreTests.CoreTests testMovementAndPauseSnapshot]' started.
Test Case '-[DreamCoreTests.CoreTests testMovementAndPauseSnapshot]' passed (0.003 seconds).
Test Case '-[DreamCoreTests.CoreTests testNarrowFastSteeringAndSnapshotBounds]' started.
Test Case '-[DreamCoreTests.CoreTests testNarrowFastSteeringAndSnapshotBounds]' passed (0.131 seconds).
Test Case '-[DreamCoreTests.CoreTests testNarrowRunCanBypassScheduledClover]' started.
Test Case '-[DreamCoreTests.CoreTests testNarrowRunCanBypassScheduledClover]' passed (0.100 seconds).
Test Case '-[DreamCoreTests.CoreTests testPigCommitAndDeepNonterminal]' started.
/Users/shiv/Projects/iphone/Dream Again/Tests/DreamCoreTests/CoreTests.swift:177: error: -[DreamCoreTests.CoreTests testPigCommitAndDeepNonterminal] : XCTAssertEqual failed: ("Optional(4)") is not equal to ("Optional(1)")
Test Case '-[DreamCoreTests.CoreTests testPigCommitAndDeepNonterminal]' failed (0.328 seconds).
Test Case '-[DreamCoreTests.CoreTests testRegistryAndGeneration]' started.
Test Case '-[DreamCoreTests.CoreTests testRegistryAndGeneration]' passed (0.788 seconds).
Test Case '-[DreamCoreTests.CoreTests testRenderingHitchesDoNotPauseOrBankTime]' started.
Test Case '-[DreamCoreTests.CoreTests testRenderingHitchesDoNotPauseOrBankTime]' passed (0.001 seconds).
Test Case '-[DreamCoreTests.CoreTests testSoftFatalSlideAndDedup]' started.
Test Case '-[DreamCoreTests.CoreTests testSoftFatalSlideAndDedup]' passed (0.002 seconds).
Test Case '-[DreamCoreTests.CoreTests testThreeMinutePigScheduleCommitsOnceAndSurvivesPause]' started.
Test Case '-[DreamCoreTests.CoreTests testThreeMinutePigScheduleCommitsOnceAndSurvivesPause]' passed (0.011 seconds).
Test Case '-[DreamCoreTests.CoreTests testVisibleFootballTipMakesContact]' started.
Test Case '-[DreamCoreTests.CoreTests testVisibleFootballTipMakesContact]' passed (0.001 seconds).
Test Case '-[DreamCoreTests.CoreTests testWalletTransactionsRefundAndDebug]' started.
Test Case '-[DreamCoreTests.CoreTests testWalletTransactionsRefundAndDebug]' passed (0.026 seconds).
Test Suite 'CoreTests' failed at 2026-09-15 02:25:49.189.
	 Executed 19 tests, with 1 failure (0 unexpected) in 1.455 (1.458) seconds
Test Suite 'ObstacleTests' started at 2026-09-15 02:25:49.189.
Test Case '-[DreamCoreTests.ObstacleTests testContinueClearsTheWholeRecoverySurface]' started.
Test Case '-[DreamCoreTests.ObstacleTests testContinueClearsTheWholeRecoverySurface]' passed (0.001 seconds).
Test Case '-[DreamCoreTests.ObstacleTests testCornerBallKnocksOffExposedBridgeButCentreCanRecover]' started.
Test Case '-[DreamCoreTests.ObstacleTests testCornerBallKnocksOffExposedBridgeButCentreCanRecover]' passed (0.003 seconds).
Test Case '-[DreamCoreTests.ObstacleTests testDensityIncreasesAndAllConceptsAppear]' started.
Test Case '-[DreamCoreTests.ObstacleTests testDensityIncreasesAndAllConceptsAppear]' passed (0.014 seconds).
Test Case '-[DreamCoreTests.ObstacleTests testEveryObstacleHasASurvivalWitnessAtOpeningAndCap]' started.
Test Case '-[DreamCoreTests.ObstacleTests testEveryObstacleHasASurvivalWitnessAtOpeningAndCap]' passed (0.016 seconds).
Test Case '-[DreamCoreTests.ObstacleTests testLightningWarningCannotHitAndStrikeSurvivesSuspend]' started.
Test Case '-[DreamCoreTests.ObstacleTests testLightningWarningCannotHitAndStrikeSurvivesSuspend]' passed (0.001 seconds).
Test Case '-[DreamCoreTests.ObstacleTests testMissedRequiredActionsAreFatal]' started.
Test Case '-[DreamCoreTests.ObstacleTests testMissedRequiredActionsAreFatal]' passed (0.003 seconds).
Test Case '-[DreamCoreTests.ObstacleTests testOrdinaryPigRemainsASoftObstacle]' started.
Test Case '-[DreamCoreTests.ObstacleTests testOrdinaryPigRemainsASoftObstacle]' passed (0.000 seconds).
Test Case '-[DreamCoreTests.ObstacleTests testSwingUsesContinuousSharedTrajectory]' started.
Test Case '-[DreamCoreTests.ObstacleTests testSwingUsesContinuousSharedTrajectory]' passed (0.001 seconds).
Test Case '-[DreamCoreTests.ObstacleTests testTwentyMinuteProgressionEightSeeds]' started.
Test Case '-[DreamCoreTests.ObstacleTests testTwentyMinuteProgressionEightSeeds]' passed (27.654 seconds).
Test Suite 'ObstacleTests' passed at 2026-09-15 02:26:16.886.
	 Executed 9 tests, with 0 failures (0 unexpected) in 27.693 (27.697) seconds
Test Suite 'RunnerSwipeTests' started at 2026-09-15 02:26:16.887.
Test Case '-[DreamCoreTests.RunnerSwipeTests testJumpCommitsBeforeReleaseAndNeverRepeatsDuringContact]' started.
Test Case '-[DreamCoreTests.RunnerSwipeTests testJumpCommitsBeforeReleaseAndNeverRepeatsDuringContact]' passed (0.002 seconds).
Test Case '-[DreamCoreTests.RunnerSwipeTests testRecognizedSwipeStartsJumpOnNextSimulationTick]' started.
Test Case '-[DreamCoreTests.RunnerSwipeTests testRecognizedSwipeStartsJumpOnNextSimulationTick]' passed (0.062 seconds).
Test Case '-[DreamCoreTests.RunnerSwipeTests testSlideAndNextContact]' started.
Test Case '-[DreamCoreTests.RunnerSwipeTests testSlideAndNextContact]' passed (0.001 seconds).
Test Case '-[DreamCoreTests.RunnerSwipeTests testSteeringJitterAndInvalidSamplesDoNotCommit]' started.
Test Case '-[DreamCoreTests.RunnerSwipeTests testSteeringJitterAndInvalidSamplesDoNotCommit]' passed (0.001 seconds).
Test Suite 'RunnerSwipeTests' passed at 2026-09-15 02:26:16.957.
	 Executed 4 tests, with 0 failures (0 unexpected) in 0.066 (0.070) seconds
Test Suite 'ScaleCompositionTests' started at 2026-09-15 02:26:16.958.
Test Case '-[DreamCoreTests.ScaleCompositionTests testApproachingSceneryFadesBeforeExceedingRoleBudget]' started.
Test Case '-[DreamCoreTests.ScaleCompositionTests testApproachingSceneryFadesBeforeExceedingRoleBudget]' passed (0.001 seconds).
Test Case '-[DreamCoreTests.ScaleCompositionTests testEventFrequencyAndStableSceneSelection]' started.
Test Case '-[DreamCoreTests.ScaleCompositionTests testEventFrequencyAndStableSceneSelection]' passed (0.155 seconds).
Test Case '-[DreamCoreTests.ScaleCompositionTests testSceneHierarchyHasOnlyOnePossibleLandmark]' started.
Test Case '-[DreamCoreTests.ScaleCompositionTests testSceneHierarchyHasOnlyOnePossibleLandmark]' passed (0.010 seconds).
Test Case '-[DreamCoreTests.ScaleCompositionTests testUnderfootLayersAndPartialLandmarkFraming]' started.
Test Case '-[DreamCoreTests.ScaleCompositionTests testUnderfootLayersAndPartialLandmarkFraming]' passed (0.001 seconds).
Test Suite 'ScaleCompositionTests' passed at 2026-09-15 02:26:17.127.
	 Executed 4 tests, with 0 failures (0 unexpected) in 0.168 (0.169) seconds
Test Suite 'TrackArtTests' started at 2026-09-15 02:26:17.127.
Test Case '-[DreamCoreTests.TrackArtTests testNineSkiesAndMirrorChange]' started.
Test Case '-[DreamCoreTests.TrackArtTests testNineSkiesAndMirrorChange]' passed (0.001 seconds).
Test Case '-[DreamCoreTests.TrackArtTests testSurfaceVarietyIsStableAndUsuallyQuiet]' started.
Test Case '-[DreamCoreTests.TrackArtTests testSurfaceVarietyIsStableAndUsuallyQuiet]' passed (0.013 seconds).
Test Suite 'TrackArtTests' passed at 2026-09-15 02:26:17.141.
	 Executed 2 tests, with 0 failures (0 unexpected) in 0.014 (0.015) seconds
Test Suite 'TraversalTests' started at 2026-09-15 02:26:17.141.
Test Case '-[DreamCoreTests.TraversalTests testCertifiedManifestRetainsEncountersAndTutorial]' started.
Test Case '-[DreamCoreTests.TraversalTests testCertifiedManifestRetainsEncountersAndTutorial]' passed (0.201 seconds).
Test Case '-[DreamCoreTests.TraversalTests testContinueGrantSurvivesCrashAndCannotDuplicate]' started.
Test Case '-[DreamCoreTests.TraversalTests testContinueGrantSurvivesCrashAndCannotDuplicate]' passed (0.012 seconds).
Test Case '-[DreamCoreTests.TraversalTests testFailedWritePreservesMemoryAndBackupRecovery]' started.
Test Case '-[DreamCoreTests.TraversalTests testFailedWritePreservesMemoryAndBackupRecovery]' passed (0.013 seconds).
Test Case '-[DreamCoreTests.TraversalTests testFastNarrowOpeningTwelveSeeds]' started.
Test Case '-[DreamCoreTests.TraversalTests testFastNarrowOpeningTwelveSeeds]' passed (2.156 seconds).
Test Case '-[DreamCoreTests.TraversalTests testFatalTieBeatsThirdPig]' started.
Test Case '-[DreamCoreTests.TraversalTests testFatalTieBeatsThirdPig]' passed (0.001 seconds).
Test Case '-[DreamCoreTests.TraversalTests testHorizonRejectsIncompatibleGapAndUnderpass]' started.
Test Case '-[DreamCoreTests.TraversalTests testHorizonRejectsIncompatibleGapAndUnderpass]' passed (0.031 seconds).
Test Case '-[DreamCoreTests.TraversalTests testOracleSixHoursTwentySeeds]' started.
Test Case '-[DreamCoreTests.TraversalTests testOracleSixHoursTwentySeeds]' passed (149.247 seconds).
Test Case '-[DreamCoreTests.TraversalTests testThirdPigContactFreezesAndResumeEnding]' started.
Test Case '-[DreamCoreTests.TraversalTests testThirdPigContactFreezesAndResumeEnding]' passed (0.012 seconds).
Test Suite 'TraversalTests' passed at 2026-09-15 02:28:48.815.
	 Executed 8 tests, with 0 failures (0 unexpected) in 151.672 (151.673) seconds
Test Suite 'DreamCorePackageTests.xctest' failed at 2026-09-15 02:28:48.815.
	 Executed 58 tests, with 1 failure (0 unexpected) in 181.763 (181.782) seconds
Test Suite 'All tests' failed at 2026-09-15 02:28:48.815.
	 Executed 58 tests, with 1 failure (0 unexpected) in 181.763 (181.807) seconds
CERTIFIED manifest: 8 encounter kinds, 28 gaps, 0/300 fallbacks
SOAK seed 0: 1296060 ticks, 473017m, pigs committed 120
SOAK seed 1: 1296060 ticks, 473017m, pigs committed 120
SOAK seed 2: 1296060 ticks, 473017m, pigs committed 120
SOAK seed 3: 1296060 ticks, 473017m, pigs committed 120
SOAK seed 4: 1296060 ticks, 473017m, pigs committed 120
SOAK seed 5: 1296060 ticks, 473017m, pigs committed 120
SOAK seed 6: 1296060 ticks, 473017m, pigs committed 120
SOAK seed 7: 1296060 ticks, 473017m, pigs committed 120
SOAK seed 8: 1296060 ticks, 473017m, pigs committed 120
SOAK seed 9: 1296060 ticks, 473017m, pigs committed 120
SOAK seed 10: 1296060 ticks, 473017m, pigs committed 120
SOAK seed 11: 1296060 ticks, 473017m, pigs committed 120
SOAK seed 12: 1296060 ticks, 473017m, pigs committed 120
SOAK seed 13: 1296060 ticks, 473017m, pigs committed 120
SOAK seed 14: 1296060 ticks, 473017m, pigs committed 120
SOAK seed 15: 1296060 ticks, 473017m, pigs committed 120
SOAK seed 16: 1296060 ticks, 473017m, pigs committed 120
SOAK seed 17: 1296060 ticks, 473017m, pigs committed 120
SOAK seed 18: 1296060 ticks, 473017m, pigs committed 120
SOAK seed 19: 1296060 ticks, 473017m, pigs committed 120
SOAK maxima: chunks=13, hazards=13, pickup dedup=6
◇ Test run started.
↳ Testing Library Version: 1902
↳ Target Platform: arm64e-apple-macos14.0
✔ Test run with 0 tests in 0 suites passed after 0.001 seconds.
