Building for production...
[0/3] Write sources
[1/3] Write swift-version--58304C5D6DBC2206.txt
[3/4] Compiling DreamCore BalloonMotion.swift
[4/6] Compiling DreamCoreTests AtmosphereTests.swift
[4/6] Write Objects.LinkFileList
[5/6] Linking DreamCorePackageTests
Build complete! (54.09s)
Test Suite 'Selected tests' started at 2026-09-15 21:31:19.814.
Test Suite 'DreamCorePackageTests.xctest' started at 2026-09-15 21:31:19.843.
Test Suite 'AtmosphereTests' started at 2026-09-15 21:31:19.843.
Test Case '-[DreamCoreTests.AtmosphereTests testDensityControlsAtmosphereIndependentlyAndVoidIsEmpty]' started.
Test Case '-[DreamCoreTests.AtmosphereTests testDensityControlsAtmosphereIndependentlyAndVoidIsEmpty]' passed (0.008 seconds).
Test Case '-[DreamCoreTests.AtmosphereTests testLargeTranslucentLayersDoNotChangeSemanticScaleEvents]' started.
Test Case '-[DreamCoreTests.AtmosphereTests testLargeTranslucentLayersDoNotChangeSemanticScaleEvents]' passed (0.446 seconds).
Test Case '-[DreamCoreTests.AtmosphereTests testOpeningCompositionHasHierarchyCounterweightAndVariety]' started.
Test Case '-[DreamCoreTests.AtmosphereTests testOpeningCompositionHasHierarchyCounterweightAndVariety]' passed (0.077 seconds).
Test Suite 'AtmosphereTests' passed at 2026-09-15 21:31:20.376.
	 Executed 3 tests, with 0 failures (0 unexpected) in 0.531 (0.532) seconds
Test Suite 'CollageTests' started at 2026-09-15 21:31:20.376.
Test Case '-[DreamCoreTests.CollageTests testBackgroundMotionIsBoundedDeterministicAndCanBeDisabled]' started.
Test Case '-[DreamCoreTests.CollageTests testBackgroundMotionIsBoundedDeterministicAndCanBeDisabled]' passed (0.048 seconds).
Test Case '-[DreamCoreTests.CollageTests testCurrentSeedRoundTrips]' started.
Test Case '-[DreamCoreTests.CollageTests testCurrentSeedRoundTrips]' passed (0.003 seconds).
Test Case '-[DreamCoreTests.CollageTests testDensityIsNonterminalAndRebuilds]' started.
Test Case '-[DreamCoreTests.CollageTests testDensityIsNonterminalAndRebuilds]' passed (0.001 seconds).
Test Case '-[DreamCoreTests.CollageTests testFiveRecombinationsAreStableAndDifferent]' started.
Test Case '-[DreamCoreTests.CollageTests testFiveRecombinationsAreStableAndDifferent]' passed (0.013 seconds).
Test Case '-[DreamCoreTests.CollageTests testKitCountsAndMetadata]' started.
Test Case '-[DreamCoreTests.CollageTests testKitCountsAndMetadata]' passed (0.002 seconds).
Test Case '-[DreamCoreTests.CollageTests testPilotScenesAreLayerableAndApparitionsStayRare]' started.
Test Case '-[DreamCoreTests.CollageTests testPilotScenesAreLayerableAndApparitionsStayRare]' passed (0.029 seconds).
Test Case '-[DreamCoreTests.CollageTests testSceneryDeckAvoidsImmediateRepetitionAndCoversNewFamilies]' started.
Test Case '-[DreamCoreTests.CollageTests testSceneryDeckAvoidsImmediateRepetitionAndCoversNewFamilies]' passed (0.089 seconds).
Test Suite 'CollageTests' passed at 2026-09-15 21:31:20.563.
	 Executed 7 tests, with 0 failures (0 unexpected) in 0.184 (0.187) seconds
Test Suite 'TrackArtTests' started at 2026-09-15 21:31:20.563.
Test Case '-[DreamCoreTests.TrackArtTests testCuratedSkiesAndMirrorChange]' started.
Test Case '-[DreamCoreTests.TrackArtTests testCuratedSkiesAndMirrorChange]' passed (0.005 seconds).
Test Case '-[DreamCoreTests.TrackArtTests testPlateDeckVisitsEveryPhotoWithoutRepeatingAtBoundaries]' started.
Test Case '-[DreamCoreTests.TrackArtTests testPlateDeckVisitsEveryPhotoWithoutRepeatingAtBoundaries]' passed (0.292 seconds).
Test Case '-[DreamCoreTests.TrackArtTests testSurfaceVarietyIsStableAndUsuallyQuiet]' started.
Test Case '-[DreamCoreTests.TrackArtTests testSurfaceVarietyIsStableAndUsuallyQuiet]' passed (0.016 seconds).
Test Suite 'TrackArtTests' passed at 2026-09-15 21:31:20.877.
	 Executed 3 tests, with 0 failures (0 unexpected) in 0.313 (0.313) seconds
Test Suite 'DreamCorePackageTests.xctest' passed at 2026-09-15 21:31:20.877.
	 Executed 13 tests, with 0 failures (0 unexpected) in 1.028 (1.034) seconds
Test Suite 'Selected tests' passed at 2026-09-15 21:31:20.877.
	 Executed 13 tests, with 0 failures (0 unexpected) in 1.028 (1.063) seconds
◇ Test run started.
↳ Testing Library Version: 1902
↳ Target Platform: arm64e-apple-macos14.0
✔ Test run with 0 tests in 0 suites passed after 0.002 seconds.
