Building for production...
[0/4] Write sources
[2/4] Write swift-version--58304C5D6DBC2206.txt
[4/5] Compiling DreamCore BalloonMotion.swift
[5/7] Compiling DreamCoreTests AtmosphereTests.swift
[5/7] Write Objects.LinkFileList
[6/7] Linking DreamCorePackageTests
Build complete! (23.95s)
Test Suite 'Selected tests' started at 2026-09-16 22:05:25.700.
Test Suite 'DreamCorePackageTests.xctest' started at 2026-09-16 22:05:25.703.
Test Suite 'CoreTests' started at 2026-09-16 22:05:25.703.
Test Case '-[DreamCoreTests.CoreTests testSoftFatalSlideAndDedup]' started.
Test Case '-[DreamCoreTests.CoreTests testSoftFatalSlideAndDedup]' passed (0.149 seconds).
Test Suite 'CoreTests' passed at 2026-09-16 22:05:25.852.
	 Executed 1 test, with 0 failures (0 unexpected) in 0.149 (0.149) seconds
Test Suite 'StrawDamageTests' started at 2026-09-16 22:05:25.852.
Test Case '-[DreamCoreTests.StrawDamageTests testBalesUseSafeSupportAndDedicatedDeterministicStream]' started.
Test Case '-[DreamCoreTests.StrawDamageTests testBalesUseSafeSupportAndDedicatedDeterministicStream]' passed (0.003 seconds).
Test Case '-[DreamCoreTests.StrawDamageTests testFourBallHitsLoseArmsThenLegsAndWake]' started.
Test Case '-[DreamCoreTests.StrawDamageTests testFourBallHitsLoseArmsThenLegsAndWake]' passed (0.001 seconds).
Test Case '-[DreamCoreTests.StrawDamageTests testHayRepairsOneLimbWithoutCurrencyAndCannotReplay]' started.
Test Case '-[DreamCoreTests.StrawDamageTests testHayRepairsOneLimbWithoutCurrencyAndCannotReplay]' passed (0.004 seconds).
Test Case '-[DreamCoreTests.StrawDamageTests testSingleBallImmunityAndFullBodyDoesNotConsumeHay]' started.
Test Case '-[DreamCoreTests.StrawDamageTests testSingleBallImmunityAndFullBodyDoesNotConsumeHay]' passed (0.001 seconds).
Test Suite 'StrawDamageTests' passed at 2026-09-16 22:05:25.861.
	 Executed 4 tests, with 0 failures (0 unexpected) in 0.009 (0.009) seconds
Test Suite 'DreamCorePackageTests.xctest' passed at 2026-09-16 22:05:25.862.
	 Executed 5 tests, with 0 failures (0 unexpected) in 0.158 (0.159) seconds
Test Suite 'Selected tests' passed at 2026-09-16 22:05:25.862.
	 Executed 5 tests, with 0 failures (0 unexpected) in 0.158 (0.162) seconds
◇ Test run started.
↳ Testing Library Version: 1902
↳ Target Platform: arm64e-apple-macos14.0
✔ Test run with 0 tests in 0 suites passed after 0.001 seconds.
