Building for production...
[0/2] Write swift-version--58304C5D6DBC2206.txt
Build complete! (2.09s)
Test Suite 'Selected tests' started at 2026-09-15 21:46:17.937.
Test Suite 'DreamCorePackageTests.xctest' started at 2026-09-15 21:46:17.957.
Test Suite 'ObstacleTests' started at 2026-09-15 21:46:17.957.
Test Case '-[DreamCoreTests.ObstacleTests testContinueClearsTheWholeRecoverySurface]' started.
Test Case '-[DreamCoreTests.ObstacleTests testContinueClearsTheWholeRecoverySurface]' passed (0.008 seconds).
Test Case '-[DreamCoreTests.ObstacleTests testCornerBallKnocksOffExposedBridgeButCentreCanRecover]' started.
Test Case '-[DreamCoreTests.ObstacleTests testCornerBallKnocksOffExposedBridgeButCentreCanRecover]' passed (0.002 seconds).
Test Case '-[DreamCoreTests.ObstacleTests testDensityIncreasesAndAllConceptsAppear]' started.
Test Case '-[DreamCoreTests.ObstacleTests testDensityIncreasesAndAllConceptsAppear]' passed (0.028 seconds).
Test Case '-[DreamCoreTests.ObstacleTests testEveryObstacleHasASurvivalWitnessAtOpeningAndCap]' started.
Test Case '-[DreamCoreTests.ObstacleTests testEveryObstacleHasASurvivalWitnessAtOpeningAndCap]' passed (0.025 seconds).
Test Case '-[DreamCoreTests.ObstacleTests testLightningWarningCannotHitAndStrikeSurvivesSuspend]' started.
Test Case '-[DreamCoreTests.ObstacleTests testLightningWarningCannotHitAndStrikeSurvivesSuspend]' passed (0.010 seconds).
Test Case '-[DreamCoreTests.ObstacleTests testMissedRequiredActionsAreFatal]' started.
Test Case '-[DreamCoreTests.ObstacleTests testMissedRequiredActionsAreFatal]' passed (0.004 seconds).
Test Case '-[DreamCoreTests.ObstacleTests testOrdinaryPigRemainsASoftObstacle]' started.
Test Case '-[DreamCoreTests.ObstacleTests testOrdinaryPigRemainsASoftObstacle]' passed (0.001 seconds).
Test Case '-[DreamCoreTests.ObstacleTests testSwingUsesContinuousSharedTrajectory]' started.
Test Case '-[DreamCoreTests.ObstacleTests testSwingUsesContinuousSharedTrajectory]' passed (0.002 seconds).
Test Case '-[DreamCoreTests.ObstacleTests testTwentyMinuteProgressionEightSeeds]' started.
Test Case '-[DreamCoreTests.ObstacleTests testTwentyMinuteProgressionEightSeeds]' passed (35.290 seconds).
Test Suite 'ObstacleTests' passed at 2026-09-15 21:46:53.335.
	 Executed 9 tests, with 0 failures (0 unexpected) in 35.370 (35.377) seconds
Test Suite 'DreamCorePackageTests.xctest' passed at 2026-09-15 21:46:53.335.
	 Executed 9 tests, with 0 failures (0 unexpected) in 35.370 (35.378) seconds
Test Suite 'Selected tests' passed at 2026-09-15 21:46:53.335.
	 Executed 9 tests, with 0 failures (0 unexpected) in 35.370 (35.398) seconds
◇ Test run started.
↳ Testing Library Version: 1902
↳ Target Platform: arm64e-apple-macos14.0
✔ Test run with 0 tests in 0 suites passed after 0.001 seconds.
